[31m[1mWARNING: This is a development server. Do not use it in a production deployment. Use a production WSGI server instead.[0m
 * Running on http://127.0.0.1:5000
[33mPress CTRL+C to quit[0m
Returning summarized text:  
Summary extracted: 
that our Distracted Minds are generated by a head-on collision between our high-level goals and our intrinsic cognitive control limitations; generates goal interference that negatively impacts quality of life. to overcome the derailing forces of goal interference, we need to increase our understanding and expand our awareness of our cognitive control limita- enlightening us on both how cognitive control allows us to accomplish our goals and the neural basis of its limitations. better understand the underpinnings of our modern interference dilemma. Let's tour the limitations in cognitive control that are at the core of the vul- the Distracted Mind.
Returning summarized text:  
Summary extracted: 
that our Distracted Minds are generated by a head-on collision between our high-level goals and our intrinsic cognitive control limitations; generates goal interference that negatively impacts quality of life. to overcome the derailing forces of goal interference, we need to increase our understanding and expand our awareness of our cognitive control limita- enlightening us on both how cognitive control allows us to accomplish our goals and the neural basis of its limitations. better understand the underpinnings of our modern interference dilemma. Let's tour the limitations in cognitive control that are at the core of the vul- the Distracted Mind.
Returning summarized text:  
Summary extracted: 
that our Distracted Minds are generated by a head-on collision between our high-level goals and our intrinsic cognitive control limitations; generates goal interference that negatively impacts quality of life. to overcome the derailing forces of goal interference, we need to increase our understanding and expand our awareness of our cognitive control limita- enlightening us on both how cognitive control allows us to accomplish our goals and the neural basis of its limitations. better understand the underpinnings of our modern interference dilemma. Let's tour the limitations in cognitive control that are at the core of the vul- the Distracted Mind.
Returning summarized text:  
Summary extracted: 
that our Distracted Minds are generated by a head-on collision between our high-level goals and our intrinsic cognitive control limitations; generates goal interference that negatively impacts quality of life. to overcome the derailing forces of goal interference, we need to increase our understanding and expand our awareness of our cognitive control limita- enlightening us on both how cognitive control allows us to accomplish our goals and the neural basis of its limitations. better understand the underpinnings of our modern interference dilemma. Let's tour the limitations in cognitive control that are at the core of the vul- the Distracted Mind.
Text was translated to: 'id' and the result is: 'Ringkasan diekstraksi: 
bahwa Pikiran Terganggu kita dihasilkan oleh tabrakan langsung antara tujuan tingkat tinggi kita dan keterbatasan kontrol kognitif intrinsik kita; menghasilkan gangguan tujuan yang berdampak negatif terhadap kualitas hidup. Untuk mengatasi kekuatan penggelincir gangguan tujuan, kita perlu meningkatkan pemahaman kita dan memperluas kesadaran kita tentang batas kontrol kognitif kita – mencerahkan kita tentang bagaimana kontrol kognitif memungkinkan kita untuk mencapai tujuan kita dan dasar saraf dari keterbatasannya. Lebih memahami dasar-dasar dilema interferensi modern kita. Mari kita tur keterbatasan dalam kontrol kognitif yang merupakan inti dari vul- Pikiran yang Terganggu.'.
Returning summarized text:  
Summary extracted: 
that our Distracted Minds are generated by a head-on collision between our high-level goals and our intrinsic cognitive control limitations; generates goal interference that negatively impacts quality of life. to overcome the derailing forces of goal interference, we need to increase our understanding and expand our awareness of our cognitive control limita- enlightening us on both how cognitive control allows us to accomplish our goals and the neural basis of its limitations. better understand the underpinnings of our modern interference dilemma. Let's tour the limitations in cognitive control that are at the core of the vul- the Distracted Mind.
Text was translated to: 'id' and the result is: 'Ringkasan diekstraksi: 
bahwa Pikiran Terganggu kita dihasilkan oleh tabrakan langsung antara tujuan tingkat tinggi kita dan keterbatasan kontrol kognitif intrinsik kita; menghasilkan gangguan tujuan yang berdampak negatif terhadap kualitas hidup. Untuk mengatasi kekuatan penggelincir gangguan tujuan, kita perlu meningkatkan pemahaman kita dan memperluas kesadaran kita tentang batas kontrol kognitif kita – mencerahkan kita tentang bagaimana kontrol kognitif memungkinkan kita untuk mencapai tujuan kita dan dasar saraf dari keterbatasannya. Lebih memahami dasar-dasar dilema interferensi modern kita. Mari kita tur keterbatasan dalam kontrol kognitif yang merupakan inti dari vul- Pikiran yang Terganggu.'.
Returning summarized text:  
Summary extracted: 
that our Distracted Minds are generated by a head-on collision between our high-level goals and our intrinsic cognitive control limitations; generates goal interference that negatively impacts quality of life. to overcome the derailing forces of goal interference, we need to increase our understanding and expand our awareness of our cognitive control limita- enlightening us on both how cognitive control allows us to accomplish our goals and the neural basis of its limitations. better understand the underpinnings of our modern interference dilemma. Let's tour the limitations in cognitive control that are at the core of the vul- the Distracted Mind.
Text was translated to: 'id' and the result is: 'Ringkasan diekstraksi: 
bahwa Pikiran Terganggu kita dihasilkan oleh tabrakan langsung antara tujuan tingkat tinggi kita dan keterbatasan kontrol kognitif intrinsik kita; menghasilkan gangguan tujuan yang berdampak negatif terhadap kualitas hidup. Untuk mengatasi kekuatan penggelincir gangguan tujuan, kita perlu meningkatkan pemahaman kita dan memperluas kesadaran kita tentang batas kontrol kognitif kita – mencerahkan kita tentang bagaimana kontrol kognitif memungkinkan kita untuk mencapai tujuan kita dan dasar saraf dari keterbatasannya. Lebih memahami dasar-dasar dilema interferensi modern kita. Mari kita tur keterbatasan dalam kontrol kognitif yang merupakan inti dari vul- Pikiran yang Terganggu.'.
Returning summarized text:  
Summary extracted: 
that our Distracted Minds are generated by a head-on collision between our high-level goals and our intrinsic cognitive control limitations; generates goal interference that negatively impacts quality of life. to overcome the derailing forces of goal interference, we need to increase our understanding and expand our awareness of our cognitive control limita- enlightening us on both how cognitive control allows us to accomplish our goals and the neural basis of its limitations. better understand the underpinnings of our modern interference dilemma. Let's tour the limitations in cognitive control that are at the core of the vul- the Distracted Mind.
Text was translated to: 'id' and the result is: 'Ringkasan diekstraksi: 
bahwa Pikiran Terganggu kita dihasilkan oleh tabrakan langsung antara tujuan tingkat tinggi kita dan keterbatasan kontrol kognitif intrinsik kita; menghasilkan gangguan tujuan yang berdampak negatif terhadap kualitas hidup. Untuk mengatasi kekuatan penggelincir gangguan tujuan, kita perlu meningkatkan pemahaman kita dan memperluas kesadaran kita tentang batas kontrol kognitif kita – mencerahkan kita tentang bagaimana kontrol kognitif memungkinkan kita untuk mencapai tujuan kita dan dasar saraf dari keterbatasannya. Lebih memahami dasar-dasar dilema interferensi modern kita. Mari kita tur keterbatasan dalam kontrol kognitif yang merupakan inti dari vul- Pikiran yang Terganggu.'.
Returning summarized text:  
Summary extracted: 
that our Distracted Minds are generated by a head-on collision between our high-level goals and our intrinsic cognitive control limitations; generates goal interference that negatively impacts quality of life. to overcome the derailing forces of goal interference, we need to increase our understanding and expand our awareness of our cognitive control limita- enlightening us on both how cognitive control allows us to accomplish our goals and the neural basis of its limitations. better understand the underpinnings of our modern interference dilemma. Let's tour the limitations in cognitive control that are at the core of the vul- the Distracted Mind.
Text was translated to: 'id' and the result is: 'Ringkasan diekstraksi: 
bahwa Pikiran Terganggu kita dihasilkan oleh tabrakan langsung antara tujuan tingkat tinggi kita dan keterbatasan kontrol kognitif intrinsik kita; menghasilkan gangguan tujuan yang berdampak negatif terhadap kualitas hidup. Untuk mengatasi kekuatan penggelincir gangguan tujuan, kita perlu meningkatkan pemahaman kita dan memperluas kesadaran kita tentang batas kontrol kognitif kita – mencerahkan kita tentang bagaimana kontrol kognitif memungkinkan kita untuk mencapai tujuan kita dan dasar saraf dari keterbatasannya. Lebih memahami dasar-dasar dilema interferensi modern kita. Mari kita tur keterbatasan dalam kontrol kognitif yang merupakan inti dari vul- Pikiran yang Terganggu.'.
Returning summarized text:  
Summary extracted: 
that our Distracted Minds are generated by a head-on collision between our high-level goals and our intrinsic cognitive control limitations; generates goal interference that negatively impacts quality of life. to overcome the derailing forces of goal interference, we need to increase our understanding and expand our awareness of our cognitive control limita- enlightening us on both how cognitive control allows us to accomplish our goals and the neural basis of its limitations. better understand the underpinnings of our modern interference dilemma. Let's tour the limitations in cognitive control that are at the core of the vul- the Distracted Mind.
Text was translated to: 'id' and the result is: 'Ringkasan diekstraksi: 
bahwa Pikiran Terganggu kita dihasilkan oleh tabrakan langsung antara tujuan tingkat tinggi kita dan keterbatasan kontrol kognitif intrinsik kita; menghasilkan gangguan tujuan yang berdampak negatif terhadap kualitas hidup. Untuk mengatasi kekuatan penggelincir gangguan tujuan, kita perlu meningkatkan pemahaman kita dan memperluas kesadaran kita tentang batas kontrol kognitif kita – mencerahkan kita tentang bagaimana kontrol kognitif memungkinkan kita untuk mencapai tujuan kita dan dasar saraf dari keterbatasannya. Lebih memahami dasar-dasar dilema interferensi modern kita. Mari kita tur keterbatasan dalam kontrol kognitif yang merupakan inti dari vul- Pikiran yang Terganggu.'.
Returning summarized text:  
Summary extracted: 
1.5 What will you learn in this book? I'm going to show you how hackers think by using the most Robert Morris was a student at Cornell University in 1988. He wanted to write a program that would check other time and again, simple security flaws that are easily fixed- computers on the network for a handful of known security flaws in common services. What you'll learn is not just how to defend yourself against these common attacks, but also to build on that help you improve your security everywhere.
Text was translated to: 'id' and the result is: 'Ringkasan diekstraksi: 
1.5 Apa yang akan Anda pelajari dalam buku ini? Saya akan menunjukkan kepada Anda bagaimana peretas berpikir dengan menggunakan paling banyak Robert Morris adalah seorang mahasiswa di Cornell University pada tahun 1988. Dia ingin menulis sebuah program yang akan memeriksa waktu lain dan lagi, kelemahan keamanan sederhana yang mudah diperbaiki - komputer di jaringan untuk beberapa kelemahan keamanan yang diketahui dalam layanan umum. Apa yang akan Anda pelajari bukan hanya bagaimana mempertahankan diri terhadap serangan umum ini, tetapi juga untuk membangun yang membantu Anda meningkatkan keamanan Anda di mana-mana.'.
Returning summarized text:  
Summary extracted: 
that our Distracted Minds are generated by a head-on collision between our high-level goals and our intrinsic cognitive control limitations; generates goal interference that negatively impacts quality of life. to overcome the derailing forces of goal interference, we need to increase our understanding and expand our awareness of our cognitive control limita- enlightening us on both how cognitive control allows us to accomplish our goals and the neural basis of its limitations. better understand the underpinnings of our modern interference dilemma. Let's tour the limitations in cognitive control that are at the core of the vul- the Distracted Mind.
Text was translated to: 'id' and the result is: 'Ringkasan diekstraksi: 
bahwa Pikiran Terganggu kita dihasilkan oleh tabrakan langsung antara tujuan tingkat tinggi kita dan keterbatasan kontrol kognitif intrinsik kita; menghasilkan gangguan tujuan yang berdampak negatif terhadap kualitas hidup. Untuk mengatasi kekuatan penggelincir gangguan tujuan, kita perlu meningkatkan pemahaman kita dan memperluas kesadaran kita tentang batas kontrol kognitif kita – mencerahkan kita tentang bagaimana kontrol kognitif memungkinkan kita untuk mencapai tujuan kita dan dasar saraf dari keterbatasannya. Lebih memahami dasar-dasar dilema interferensi modern kita. Mari kita tur keterbatasan dalam kontrol kognitif yang merupakan inti dari vul- Pikiran yang Terganggu.'.
Returning summarized text:  
Summary extracted: 
that our Distracted Minds are generated by a head-on collision between our high-level goals and our intrinsic cognitive control limitations; generates goal interference that negatively impacts quality of life. to overcome the derailing forces of goal interference, we need to increase our understanding and expand our awareness of our cognitive control limita- enlightening us on both how cognitive control allows us to accomplish our goals and the neural basis of its limitations. better understand the underpinnings of our modern interference dilemma. Let's tour the limitations in cognitive control that are at the core of the vul- the Distracted Mind.
Text was translated to: 'id' and the result is: 'Ringkasan diekstraksi: 
bahwa Pikiran Terganggu kita dihasilkan oleh tabrakan langsung antara tujuan tingkat tinggi kita dan keterbatasan kontrol kognitif intrinsik kita; menghasilkan gangguan tujuan yang berdampak negatif terhadap kualitas hidup. Untuk mengatasi kekuatan penggelincir gangguan tujuan, kita perlu meningkatkan pemahaman kita dan memperluas kesadaran kita tentang batas kontrol kognitif kita – mencerahkan kita tentang bagaimana kontrol kognitif memungkinkan kita untuk mencapai tujuan kita dan dasar saraf dari keterbatasannya. Lebih memahami dasar-dasar dilema interferensi modern kita. Mari kita tur keterbatasan dalam kontrol kognitif yang merupakan inti dari vul- Pikiran yang Terganggu.'.
Returning OCR extraction text:  

functioning with interference. This interference has a detrimental impact on
our cognition and behavior in daily activities. It impacts every level of our
thinking, from our perceptions, decision making, communication, emo-
tional regulation, and our memories. This in tum translates into negative
consequences on our safety, our education, and our ability to engage suc-
cessfully and happily with family, friends, and colleagues. The magnitude of
the impact is even greater for those of us with underdeveloped or impaired
brains, such as children, older adults, and individuals suffering from neuro-
logical and psychiatric conditions. If we hope to successfully manage inter-
ference, we first must understand its nature.
WHAT IS GOAL INTERFERENCE?
"Interference" is a general term used to describe something that hinders,
obstructs, impedes, or largely derails another process. When you pick up
static on a radio station, you are detecting interference with the reception of
radio waves that are relevant to you; this is also referred to as "noise." The
goal interference described in the above scenarios is in many ways not very
different from radio noise. This type of interference has been the focus of
extensive research by a diverse group of experts in fields as varied as psychol-
ogy, neuroscience, education, advertising, marketing, and human factors;
but it is not often presented as a unified construct, which is one of the main
goals of this book.
Goal interference occurs when you reach a decision to accomplish a
specific goal (e.g., retrieve something from the refrigerator, complete a work
assignment, engage in a conversation, drive your car) and something takes
place to hinder the successful completion of that goal. The interference can
either be generated internally, presenting as thoughts within your mind, or
generated externally, by sensory stimuli such as restaurant chatter, beeps,
vibrations, or flashing visual displays (figure 1.1). Goal interference, origi-
nating from either your internal or external environments (often both), can
occur in two distinct varieties-distractions and interruptions-based on
your decision about how you manage the interference.1
Returning summarized text:  
Summary extracted: 
functioning with interference. This interference has a detrimental impact on It impacts every level of our static on a radio station, you are detecting interference with the reception of radio waves that are relevant to you; goal interference described in the above scenarios is in many ways not very different from radio noise. This type of interference has been the focus of Goal interference occurs when you reach a decision to accomplish a your decision about how you manage the interference.1
Text was translated to: 'id' and the result is: 'Ringkasan diekstraksi: 
berfungsi dengan gangguan. Gangguan ini berdampak buruk pada Ini berdampak pada setiap tingkat statis kami di stasiun radio, Anda mendeteksi gangguan dengan penerimaan gelombang radio yang relevan bagi Anda; Gangguan tujuan yang dijelaskan dalam skenario di atas dalam banyak hal tidak jauh berbeda dari kebisingan radio. Jenis gangguan ini telah menjadi fokus Tujuan Gangguan terjadi ketika Anda mencapai keputusan untuk mencapai keputusan tentang bagaimana Anda mengelola gangguan.1'.
